
> @fwdslsh/dispatch@0.2.1 build
> vite build

vite v7.1.9 building SSR bundle for production...
transforming...
✓ 72 modules transformed.
✗ Build failed in 235ms
error during build:
[vite-plugin-svelte:compile] [plugin vite-plugin-svelte:compile] src/routes/onboarding/+page.svelte (22:1): src/routes/onboarding/+page.svelte:22:1 Cannot use `export let` in runes mode — use `$props()` instead
https://svelte.dev/e/legacy_export_invalid
file: src/routes/onboarding/+page.svelte:22:1 (/home/founder3/code/github/fwdslsh/dispatch/src/routes/onboarding/+page.svelte)

 20 |  
 21 |    // Server load data
 22 |    export let data;
                         ^
 23 |    export let form; // SvelteKit form action response
 24 |  


